// Jest Snapshot v1, https://goo.gl/fbAQLP

exports[`LinkButton should match snapshot 1`] = `
<div>
  <a
    class="flex items-center gap-3 w-fit px-4 py-3 text-base bg-neutral-900/60 backdrop-blur text-neutral-50 border-1 border-neutral-400/10 rounded-lg transition-colors hover:bg-neutral-900/40"
    href="mockUrl"
    target="_blank"
  >
    test
    <svg
      fill="currentColor"
      height="16"
      stroke="currentColor"
      stroke-width="0"
      viewBox="0 0 24 24"
      width="16"
      xmlns="http://www.w3.org/2000/svg"
    >
      <path
        d="M0 0h24v24H0z"
        fill="none"
      />
      <path
        d="M0 0h24v24H0z"
        fill="none"
      />
      <path
        d="M12 17.27 18.18 21l-1.64-7.03L22 9.24l-7.19-.61L12 2 9.19 8.63 2 9.24l5.46 4.73L5.82 21z"
      />
    </svg>
  </a>
</div>
`;
