// Jest Snapshot v1, https://goo.gl/fbAQLP

exports[`LittleSunshine should match snapshot 1`] = `
<div>
  <div
    class="fixed top-0 left-0 w-dvw h-dvh flex items-center justify-center z-50 backdrop-blur"
    style="opacity: 0; will-change: opacity;"
  >
    <figure
      class="flex flex-col itens-center justify-center gap-4 border-16 border-neutral-50 bg-neutral-50"
      style="will-change: transform; transform: translateY(100%) rotate(90deg);"
    >
      <img
        alt="Photo of my wife Verônica and my newborn son, Caetano."
        class="object-cover object-center w-48 md:w-60 lg:w-72 aspect-square"
        data-nimg="1"
        decoding="async"
        fetchpriority="high"
        height="40"
        src="/_next/image?url=%2Fimg.jpg&w=96&q=75"
        srcset="/_next/image?url=%2Fimg.jpg&w=48&q=75 1x, /_next/image?url=%2Fimg.jpg&w=96&q=75 2x"
        style="color: transparent;"
        width="40"
      />
      <figcaption
        class="flex flex-col items-center gap-2 text-sm font-mono text-neutral-950"
      >
        <span
          class="flex items-center gap-2"
        >
          Verônica & Caetano &lt;3
        </span>
        <span
          class="flex items-center gap-2"
        >
          My little sunshine!
        </span>
      </figcaption>
    </figure>
  </div>
</div>
`;
