// Jest Snapshot v1, https://goo.gl/fbAQLP

exports[`Hero should match snapshot 1`] = `
<div>
  <header
    class="relative flex flex-col items-center justify-center w-full h-[75vh] md:h-[70vh] lg:h-[65vh] border-b-1 border-neutral-400/10"
  >
    <div
      class="container mx-auto px-4 py-8"
    >
      <div
        class="flex flex-col justify-center gap-4 md:max-w-2xl lg:max-w-3xl xl:max-w-4xl"
      >
        <h1
          class="text-4xl sm:text-5xl text-pretty"
          style="opacity: 0; transform: translateX(-50px);"
        >
          Hi, i'm a Front-end Developer.
        </h1>
        <p
          class="text-xl sm:text-2xl text-pretty text-neutral-300"
          style="opacity: 0; transform: translateX(-50px);"
        >
          Welcome to my portfolio, explore my projects and get in touch!
        </p>
      </div>
    </div>
    <span
      class="hidden md:block absolute top-8 left-1/2 -translate-x-1/2 text-base py-4 text-neutral-300"
    >
      luisgrizzo.dev
    </span>
    <figure
      class="absolute top-0 left-0 w-full h-full opacity-30 overflow-hidden -z-50"
    >
      <img
        alt="alt_description"
        class="w-full h-[calc(100%_+_300px)] object-cover object-center"
        data-nimg="1"
        decoding="async"
        fetchpriority="high"
        height="100"
        src="/_next/image?url=%2Ffull&w=256&q=75"
        srcset="/_next/image?url=%2Ffull&w=128&q=75 1x, /_next/image?url=%2Ffull&w=256&q=75 2x"
        style="color: transparent; opacity: 0; will-change: opacity; transform: translateY(-300px) scaleX(1.2) scaleY(1.2);"
        width="100"
      />
    </figure>
    <span
      class="absolute bottom-8 px-4 text-xs text-center text-pretty text-neutral-300"
    >
      Photo by 
      <a
        class="underline underline-offset-2 text-blue-400 hover:text-blue-200 transition-colors"
        href="https://unsplash.com/@username?utm_source=Unconscious&utm_medium=referral"
        rel="noreferrer"
        target="_blank"
      >
        name
      </a>
       on 
      <a
        class="underline underline-offset-2 text-blue-400 hover:text-blue-200 transition-colors"
        href="https://unsplash.com/?utm_source=Unconscious&utm_medium=referral"
        rel="noreferrer"
        target="_blank"
      >
        Unsplash
      </a>
    </span>
  </header>
</div>
`;
